[2026-08-23T12:03:54.429+0000] {manager.py:469} INFO - Processing files using up to 2 processes at a time 
[2026-08-23T12:03:54.429+0000] {manager.py:470} INFO - Process each file at most once every 30 seconds
[2026-08-23T12:03:54.430+0000] {manager.py:471} INFO - Checking for new files in /opt/airflow/dags every 300 seconds
[2026-08-23T12:03:54.430+0000] {manager.py:738} INFO - Searching for files in /opt/airflow/dags
[2026-08-23T12:03:54.430+0000] {manager.py:741} INFO - There are 0 files in /opt/airflow/dags
[2026-08-23T12:08:54.607+0000] {manager.py:738} INFO - Searching for files in /opt/airflow/dags
[2026-08-23T12:08:54.621+0000] {manager.py:741} INFO - There are 0 files in /opt/airflow/dags
[2026-08-23T12:13:54.950+0000] {manager.py:738} INFO - Searching for files in /opt/airflow/dags
[2026-08-23T12:13:54.981+0000] {manager.py:741} INFO - There are 1 files in /opt/airflow/dags
[2026-08-23T12:14:00.829+0000] {manager.py:879} INFO - 
================================================================================
DAG File Processing Stats

File Path                                         PID    Runtime      # DAGs    # Errors  Last Runtime    Last Run
------------------------------------------------  -----  ---------  --------  ----------  --------------  -------------------
/opt/airflow/dags/offshore_scada_pipeline_dag.py                           1           0  2.61s           2026-08-23T12:13:57
================================================================================
[2026-08-23T12:14:31.123+0000] {manager.py:879} INFO - 
================================================================================
DAG File Processing Stats

File Path                                         PID    Runtime      # DAGs    # Errors  Last Runtime    Last Run
------------------------------------------------  -----  ---------  --------  ----------  --------------  -------------------
/opt/airflow/dags/offshore_scada_pipeline_dag.py                           1           0  0.36s           2026-08-23T12:14:28
================================================================================
[2026-08-23T12:15:01.751+0000] {manager.py:879} INFO - 
================================================================================
DAG File Processing Stats

File Path                                         PID    Runtime      # DAGs    # Errors  Last Runtime    Last Run
------------------------------------------------  -----  ---------  --------  ----------  --------------  -------------------
/opt/airflow/dags/offshore_scada_pipeline_dag.py                           1           0  0.25s           2026-08-23T12:14:58
================================================================================
[2026-08-23T12:15:14.483+0000] {manager.py:451} INFO - Exiting gracefully upon receiving signal 15
[2026-08-23T12:15:19.816+0000] {manager.py:469} INFO - Processing files using up to 2 processes at a time 
[2026-08-23T12:15:19.817+0000] {manager.py:470} INFO - Process each file at most once every 30 seconds
[2026-08-23T12:15:19.818+0000] {manager.py:471} INFO - Checking for new files in /opt/airflow/dags every 300 seconds
[2026-08-23T12:15:19.818+0000] {manager.py:738} INFO - Searching for files in /opt/airflow/dags
[2026-08-23T12:15:19.826+0000] {manager.py:741} INFO - There are 1 files in /opt/airflow/dags
[2026-08-23T12:15:19.914+0000] {manager.py:879} INFO - 
================================================================================
DAG File Processing Stats

File Path                                           PID  Runtime      # DAGs    # Errors  Last Runtime    Last Run
------------------------------------------------  -----  ---------  --------  ----------  --------------  ----------
/opt/airflow/dags/offshore_scada_pipeline_dag.py    168  0.03s             0           0
================================================================================
[2026-08-23T12:15:50.293+0000] {manager.py:879} INFO - 
================================================================================
DAG File Processing Stats

File Path                                           PID  Runtime      # DAGs    # Errors  Last Runtime    Last Run
------------------------------------------------  -----  ---------  --------  ----------  --------------  -------------------
/opt/airflow/dags/offshore_scada_pipeline_dag.py    173  0.02s             1           0  0.09s           2026-08-23T12:15:19
================================================================================
[2026-08-23T12:16:20.610+0000] {manager.py:879} INFO - 
================================================================================
DAG File Processing Stats

File Path                                           PID  Runtime      # DAGs    # Errors  Last Runtime    Last Run
------------------------------------------------  -----  ---------  --------  ----------  --------------  -------------------
/opt/airflow/dags/offshore_scada_pipeline_dag.py    178  0.02s             1           0  0.13s           2026-08-23T12:15:50
================================================================================
[2026-08-23T12:16:51.078+0000] {manager.py:879} INFO - 
================================================================================
DAG File Processing Stats

File Path                                           PID  Runtime      # DAGs    # Errors  Last Runtime    Last Run
------------------------------------------------  -----  ---------  --------  ----------  --------------  -------------------
/opt/airflow/dags/offshore_scada_pipeline_dag.py    207  0.02s             1           0  0.13s           2026-08-23T12:16:20
================================================================================
[2026-08-23T12:17:21.474+0000] {manager.py:879} INFO - 
================================================================================
DAG File Processing Stats

File Path                                           PID  Runtime      # DAGs    # Errors  Last Runtime    Last Run
------------------------------------------------  -----  ---------  --------  ----------  --------------  -------------------
/opt/airflow/dags/offshore_scada_pipeline_dag.py    212  0.02s             1           0  0.10s           2026-08-23T12:16:51
================================================================================
[2026-08-23T12:17:51.894+0000] {manager.py:879} INFO - 
================================================================================
DAG File Processing Stats

File Path                                           PID  Runtime      # DAGs    # Errors  Last Runtime    Last Run
------------------------------------------------  -----  ---------  --------  ----------  --------------  -------------------
/opt/airflow/dags/offshore_scada_pipeline_dag.py    217  0.02s             1           0  0.13s           2026-08-23T12:17:21
================================================================================
[2026-08-23T12:18:22.330+0000] {manager.py:879} INFO - 
================================================================================
DAG File Processing Stats

File Path                                           PID  Runtime      # DAGs    # Errors  Last Runtime    Last Run
------------------------------------------------  -----  ---------  --------  ----------  --------------  -------------------
/opt/airflow/dags/offshore_scada_pipeline_dag.py    222  0.01s             1           0  0.11s           2026-08-23T12:17:51
================================================================================
[2026-08-23T12:18:52.717+0000] {manager.py:879} INFO - 
================================================================================
DAG File Processing Stats

File Path                                           PID  Runtime      # DAGs    # Errors  Last Runtime    Last Run
------------------------------------------------  -----  ---------  --------  ----------  --------------  -------------------
/opt/airflow/dags/offshore_scada_pipeline_dag.py    227  0.01s             1           0  0.10s           2026-08-23T12:18:22
================================================================================
[2026-08-23T12:19:23.119+0000] {manager.py:879} INFO - 
================================================================================
DAG File Processing Stats

File Path                                           PID  Runtime      # DAGs    # Errors  Last Runtime    Last Run
------------------------------------------------  -----  ---------  --------  ----------  --------------  -------------------
/opt/airflow/dags/offshore_scada_pipeline_dag.py    232  0.04s             1           0  0.09s           2026-08-23T12:18:52
================================================================================
[2026-08-23T12:19:53.537+0000] {manager.py:879} INFO - 
================================================================================
DAG File Processing Stats

File Path                                           PID  Runtime      # DAGs    # Errors  Last Runtime    Last Run
------------------------------------------------  -----  ---------  --------  ----------  --------------  -------------------
/opt/airflow/dags/offshore_scada_pipeline_dag.py    237  0.02s             1           0  0.16s           2026-08-23T12:19:23
================================================================================
[2026-08-23T12:20:19.834+0000] {manager.py:738} INFO - Searching for files in /opt/airflow/dags
[2026-08-23T12:20:19.844+0000] {manager.py:741} INFO - There are 1 files in /opt/airflow/dags
[2026-08-23T12:20:23.864+0000] {manager.py:879} INFO - 
================================================================================
DAG File Processing Stats

File Path                                           PID  Runtime      # DAGs    # Errors  Last Runtime    Last Run
------------------------------------------------  -----  ---------  --------  ----------  --------------  -------------------
/opt/airflow/dags/offshore_scada_pipeline_dag.py    242  0.01s             1           0  0.11s           2026-08-23T12:19:53
================================================================================
[2026-08-23T12:20:54.291+0000] {manager.py:879} INFO - 
================================================================================
DAG File Processing Stats

File Path                                           PID  Runtime      # DAGs    # Errors  Last Runtime    Last Run
------------------------------------------------  -----  ---------  --------  ----------  --------------  -------------------
/opt/airflow/dags/offshore_scada_pipeline_dag.py    247  0.01s             1           0  0.08s           2026-08-23T12:20:23
================================================================================
[2026-08-23T12:21:24.762+0000] {manager.py:879} INFO - 
================================================================================
DAG File Processing Stats

File Path                                           PID  Runtime      # DAGs    # Errors  Last Runtime    Last Run
------------------------------------------------  -----  ---------  --------  ----------  --------------  -------------------
/opt/airflow/dags/offshore_scada_pipeline_dag.py    252  0.02s             1           0  0.11s           2026-08-23T12:20:54
================================================================================
[2026-08-23T12:21:55.169+0000] {manager.py:879} INFO - 
================================================================================
DAG File Processing Stats

File Path                                           PID  Runtime      # DAGs    # Errors  Last Runtime    Last Run
------------------------------------------------  -----  ---------  --------  ----------  --------------  -------------------
/opt/airflow/dags/offshore_scada_pipeline_dag.py    257  0.02s             1           0  0.11s           2026-08-23T12:21:24
================================================================================
[2026-08-23T12:22:25.618+0000] {manager.py:879} INFO - 
================================================================================
DAG File Processing Stats

File Path                                           PID  Runtime      # DAGs    # Errors  Last Runtime    Last Run
------------------------------------------------  -----  ---------  --------  ----------  --------------  -------------------
/opt/airflow/dags/offshore_scada_pipeline_dag.py    262  0.02s             1           0  0.12s           2026-08-23T12:21:55
================================================================================
[2026-08-23T12:22:56.064+0000] {manager.py:879} INFO - 
================================================================================
DAG File Processing Stats

File Path                                           PID  Runtime      # DAGs    # Errors  Last Runtime    Last Run
------------------------------------------------  -----  ---------  --------  ----------  --------------  -------------------
/opt/airflow/dags/offshore_scada_pipeline_dag.py    267  0.03s             1           0  0.12s           2026-08-23T12:22:25
================================================================================
[2026-08-23T12:23:26.511+0000] {manager.py:879} INFO - 
================================================================================
DAG File Processing Stats

File Path                                           PID  Runtime      # DAGs    # Errors  Last Runtime    Last Run
------------------------------------------------  -----  ---------  --------  ----------  --------------  -------------------
/opt/airflow/dags/offshore_scada_pipeline_dag.py    272  0.02s             1           0  0.13s           2026-08-23T12:22:56
================================================================================
[2026-08-23T12:23:56.868+0000] {manager.py:879} INFO - 
================================================================================
DAG File Processing Stats

File Path                                           PID  Runtime      # DAGs    # Errors  Last Runtime    Last Run
------------------------------------------------  -----  ---------  --------  ----------  --------------  -------------------
/opt/airflow/dags/offshore_scada_pipeline_dag.py    277  0.02s             1           0  0.18s           2026-08-23T12:23:26
================================================================================
[2026-08-23T12:24:27.318+0000] {manager.py:879} INFO - 
================================================================================
DAG File Processing Stats

File Path                                           PID  Runtime      # DAGs    # Errors  Last Runtime    Last Run
------------------------------------------------  -----  ---------  --------  ----------  --------------  -------------------
/opt/airflow/dags/offshore_scada_pipeline_dag.py    282  0.02s             1           0  0.14s           2026-08-23T12:23:56
================================================================================
[2026-08-23T12:24:57.751+0000] {manager.py:879} INFO - 
================================================================================
DAG File Processing Stats

File Path                                           PID  Runtime      # DAGs    # Errors  Last Runtime    Last Run
------------------------------------------------  -----  ---------  --------  ----------  --------------  -------------------
/opt/airflow/dags/offshore_scada_pipeline_dag.py    287  0.05s             1           0  0.10s           2026-08-23T12:24:27
================================================================================
[2026-08-23T12:25:20.023+0000] {manager.py:738} INFO - Searching for files in /opt/airflow/dags
[2026-08-23T12:25:20.038+0000] {manager.py:741} INFO - There are 1 files in /opt/airflow/dags
[2026-08-23T12:25:28.180+0000] {manager.py:879} INFO - 
================================================================================
DAG File Processing Stats

File Path                                           PID  Runtime      # DAGs    # Errors  Last Runtime    Last Run
------------------------------------------------  -----  ---------  --------  ----------  --------------  -------------------
/opt/airflow/dags/offshore_scada_pipeline_dag.py    292  0.02s             1           0  0.13s           2026-08-23T12:24:57
================================================================================
[2026-08-23T12:25:58.555+0000] {manager.py:879} INFO - 
================================================================================
DAG File Processing Stats

File Path                                           PID  Runtime      # DAGs    # Errors  Last Runtime    Last Run
------------------------------------------------  -----  ---------  --------  ----------  --------------  -------------------
/opt/airflow/dags/offshore_scada_pipeline_dag.py    297  0.02s             1           0  0.11s           2026-08-23T12:25:28
================================================================================
[2026-08-23T12:26:28.898+0000] {manager.py:879} INFO - 
================================================================================
DAG File Processing Stats

File Path                                           PID  Runtime      # DAGs    # Errors  Last Runtime    Last Run
------------------------------------------------  -----  ---------  --------  ----------  --------------  -------------------
/opt/airflow/dags/offshore_scada_pipeline_dag.py    302  0.02s             1           0  0.10s           2026-08-23T12:25:58
================================================================================
[2026-08-23T12:26:59.247+0000] {manager.py:879} INFO - 
================================================================================
DAG File Processing Stats

File Path                                           PID  Runtime      # DAGs    # Errors  Last Runtime    Last Run
------------------------------------------------  -----  ---------  --------  ----------  --------------  -------------------
/opt/airflow/dags/offshore_scada_pipeline_dag.py    307  0.02s             1           0  0.11s           2026-08-23T12:26:28
================================================================================
[2026-08-23T12:27:29.654+0000] {manager.py:879} INFO - 
================================================================================
DAG File Processing Stats

File Path                                           PID  Runtime      # DAGs    # Errors  Last Runtime    Last Run
------------------------------------------------  -----  ---------  --------  ----------  --------------  -------------------
/opt/airflow/dags/offshore_scada_pipeline_dag.py    312  0.01s             1           0  0.12s           2026-08-23T12:26:59
================================================================================
[2026-08-23T12:28:00.014+0000] {manager.py:879} INFO - 
================================================================================
DAG File Processing Stats

File Path                                           PID  Runtime      # DAGs    # Errors  Last Runtime    Last Run
------------------------------------------------  -----  ---------  --------  ----------  --------------  -------------------
/opt/airflow/dags/offshore_scada_pipeline_dag.py    317  0.02s             1           0  0.11s           2026-08-23T12:27:29
================================================================================
[2026-08-23T12:28:30.404+0000] {manager.py:879} INFO - 
================================================================================
DAG File Processing Stats

File Path                                           PID  Runtime      # DAGs    # Errors  Last Runtime    Last Run
------------------------------------------------  -----  ---------  --------  ----------  --------------  -------------------
/opt/airflow/dags/offshore_scada_pipeline_dag.py    322  0.02s             1           0  0.11s           2026-08-23T12:28:00
================================================================================
[2026-08-23T12:29:00.788+0000] {manager.py:879} INFO - 
================================================================================
DAG File Processing Stats

File Path                                           PID  Runtime      # DAGs    # Errors  Last Runtime    Last Run
------------------------------------------------  -----  ---------  --------  ----------  --------------  -------------------
/opt/airflow/dags/offshore_scada_pipeline_dag.py    327  0.02s             1           0  0.11s           2026-08-23T12:28:30
================================================================================
[2026-08-23T12:29:31.175+0000] {manager.py:879} INFO - 
================================================================================
DAG File Processing Stats

File Path                                           PID  Runtime      # DAGs    # Errors  Last Runtime    Last Run
------------------------------------------------  -----  ---------  --------  ----------  --------------  -------------------
/opt/airflow/dags/offshore_scada_pipeline_dag.py    332  0.02s             1           0  0.11s           2026-08-23T12:29:00
================================================================================
[2026-08-23T12:30:01.543+0000] {manager.py:879} INFO - 
================================================================================
DAG File Processing Stats

File Path                                           PID  Runtime      # DAGs    # Errors  Last Runtime    Last Run
------------------------------------------------  -----  ---------  --------  ----------  --------------  -------------------
/opt/airflow/dags/offshore_scada_pipeline_dag.py    337  0.02s             1           0  0.11s           2026-08-23T12:29:31
================================================================================
[2026-08-23T12:30:20.792+0000] {manager.py:738} INFO - Searching for files in /opt/airflow/dags
[2026-08-23T12:30:20.810+0000] {manager.py:741} INFO - There are 1 files in /opt/airflow/dags
[2026-08-23T12:30:31.981+0000] {manager.py:879} INFO - 
================================================================================
DAG File Processing Stats

File Path                                           PID  Runtime      # DAGs    # Errors  Last Runtime    Last Run
------------------------------------------------  -----  ---------  --------  ----------  --------------  -------------------
/opt/airflow/dags/offshore_scada_pipeline_dag.py    342  0.01s             1           0  0.12s           2026-08-23T12:30:01
================================================================================
[2026-08-23T12:31:02.402+0000] {manager.py:879} INFO - 
================================================================================
DAG File Processing Stats

File Path                                           PID  Runtime      # DAGs    # Errors  Last Runtime    Last Run
------------------------------------------------  -----  ---------  --------  ----------  --------------  -------------------
/opt/airflow/dags/offshore_scada_pipeline_dag.py    347  0.05s             1           0  0.10s           2026-08-23T12:30:32
================================================================================
[2026-08-23T12:31:32.912+0000] {manager.py:879} INFO - 
================================================================================
DAG File Processing Stats

File Path                                           PID  Runtime      # DAGs    # Errors  Last Runtime    Last Run
------------------------------------------------  -----  ---------  --------  ----------  --------------  -------------------
/opt/airflow/dags/offshore_scada_pipeline_dag.py    352  0.03s             1           0  0.16s           2026-08-23T12:31:02
================================================================================
[2026-08-23T12:32:03.299+0000] {manager.py:879} INFO - 
================================================================================
DAG File Processing Stats

File Path                                           PID  Runtime      # DAGs    # Errors  Last Runtime    Last Run
------------------------------------------------  -----  ---------  --------  ----------  --------------  -------------------
/opt/airflow/dags/offshore_scada_pipeline_dag.py    357  0.01s             1           0  0.13s           2026-08-23T12:31:33
================================================================================
[2026-08-23T12:32:33.684+0000] {manager.py:879} INFO - 
================================================================================
DAG File Processing Stats

File Path                                           PID  Runtime      # DAGs    # Errors  Last Runtime    Last Run
------------------------------------------------  -----  ---------  --------  ----------  --------------  -------------------
/opt/airflow/dags/offshore_scada_pipeline_dag.py    362  0.02s             1           0  0.13s           2026-08-23T12:32:03
================================================================================
[2026-08-23T12:33:04.144+0000] {manager.py:879} INFO - 
================================================================================
DAG File Processing Stats

File Path                                           PID  Runtime      # DAGs    # Errors  Last Runtime    Last Run
------------------------------------------------  -----  ---------  --------  ----------  --------------  -------------------
/opt/airflow/dags/offshore_scada_pipeline_dag.py    367  0.04s             1           0  0.13s           2026-08-23T12:32:33
================================================================================
[2026-08-23T12:33:34.645+0000] {manager.py:879} INFO - 
================================================================================
DAG File Processing Stats

File Path                                           PID  Runtime      # DAGs    # Errors  Last Runtime    Last Run
------------------------------------------------  -----  ---------  --------  ----------  --------------  -------------------
/opt/airflow/dags/offshore_scada_pipeline_dag.py    372  0.02s             1           0  0.15s           2026-08-23T12:33:04
================================================================================
[2026-08-23T12:34:05.123+0000] {manager.py:879} INFO - 
================================================================================
DAG File Processing Stats

File Path                                           PID  Runtime      # DAGs    # Errors  Last Runtime    Last Run
------------------------------------------------  -----  ---------  --------  ----------  --------------  -------------------
/opt/airflow/dags/offshore_scada_pipeline_dag.py    377  0.02s             1           0  0.12s           2026-08-23T12:33:34
================================================================================
[2026-08-23T12:34:35.606+0000] {manager.py:879} INFO - 
================================================================================
DAG File Processing Stats

File Path                                           PID  Runtime      # DAGs    # Errors  Last Runtime    Last Run
------------------------------------------------  -----  ---------  --------  ----------  --------------  -------------------
/opt/airflow/dags/offshore_scada_pipeline_dag.py    382  0.02s             1           0  0.13s           2026-08-23T12:34:05
================================================================================
[2026-08-23T12:35:05.982+0000] {manager.py:879} INFO - 
================================================================================
DAG File Processing Stats

File Path                                           PID  Runtime      # DAGs    # Errors  Last Runtime    Last Run
------------------------------------------------  -----  ---------  --------  ----------  --------------  -------------------
/opt/airflow/dags/offshore_scada_pipeline_dag.py    387  0.02s             1           0  0.12s           2026-08-23T12:34:35
================================================================================
[2026-08-23T12:35:21.138+0000] {manager.py:738} INFO - Searching for files in /opt/airflow/dags
[2026-08-23T12:35:21.148+0000] {manager.py:741} INFO - There are 1 files in /opt/airflow/dags
[2026-08-23T12:35:36.350+0000] {manager.py:879} INFO - 
================================================================================
DAG File Processing Stats

File Path                                           PID  Runtime      # DAGs    # Errors  Last Runtime    Last Run
------------------------------------------------  -----  ---------  --------  ----------  --------------  -------------------
/opt/airflow/dags/offshore_scada_pipeline_dag.py    392  0.02s             1           0  0.12s           2026-08-23T12:35:06
================================================================================
[2026-08-23T12:36:06.910+0000] {manager.py:879} INFO - 
================================================================================
DAG File Processing Stats

File Path                                           PID  Runtime      # DAGs    # Errors  Last Runtime    Last Run
------------------------------------------------  -----  ---------  --------  ----------  --------------  -------------------
/opt/airflow/dags/offshore_scada_pipeline_dag.py    397  0.04s             1           0  0.12s           2026-08-23T12:35:36
================================================================================
[2026-08-23T12:37:05.727+0000] {manager.py:879} INFO - 
================================================================================
DAG File Processing Stats

File Path                                         PID    Runtime      # DAGs    # Errors  Last Runtime    Last Run
------------------------------------------------  -----  ---------  --------  ----------  --------------  -------------------
/opt/airflow/dags/offshore_scada_pipeline_dag.py                           1           0  0.11s           2026-08-23T12:36:50
================================================================================
[2026-08-23T12:37:36.177+0000] {manager.py:879} INFO - 
================================================================================
DAG File Processing Stats

File Path                                         PID    Runtime      # DAGs    # Errors  Last Runtime    Last Run
------------------------------------------------  -----  ---------  --------  ----------  --------------  -------------------
/opt/airflow/dags/offshore_scada_pipeline_dag.py                           1           0  0.12s           2026-08-23T12:37:21
================================================================================
[2026-08-23T12:38:13.832+0000] {manager.py:879} INFO - 
================================================================================
DAG File Processing Stats

File Path                                         PID    Runtime      # DAGs    # Errors  Last Runtime    Last Run
------------------------------------------------  -----  ---------  --------  ----------  --------------  -------------------
/opt/airflow/dags/offshore_scada_pipeline_dag.py                           1           0  0.17s           2026-08-23T12:37:57
================================================================================
[2026-08-23T12:53:49.420+0000] {manager.py:738} INFO - Searching for files in /opt/airflow/dags
[2026-08-23T12:53:49.426+0000] {manager.py:741} INFO - There are 1 files in /opt/airflow/dags
[2026-08-23T12:54:06.710+0000] {manager.py:879} INFO - 
================================================================================
DAG File Processing Stats

File Path                                         PID    Runtime      # DAGs    # Errors  Last Runtime    Last Run
------------------------------------------------  -----  ---------  --------  ----------  --------------  -------------------
/opt/airflow/dags/offshore_scada_pipeline_dag.py                           1           0  0.20s           2026-08-23T12:53:49
================================================================================
[2026-08-23T12:54:37.218+0000] {manager.py:879} INFO - 
================================================================================
DAG File Processing Stats

File Path                                         PID    Runtime      # DAGs    # Errors  Last Runtime    Last Run
------------------------------------------------  -----  ---------  --------  ----------  --------------  -------------------
/opt/airflow/dags/offshore_scada_pipeline_dag.py                           1           0  0.11s           2026-08-23T12:54:19
================================================================================
[2026-08-23T12:56:54.216+0000] {manager.py:879} INFO - 
================================================================================
DAG File Processing Stats

File Path                                         PID    Runtime      # DAGs    # Errors  Last Runtime    Last Run
------------------------------------------------  -----  ---------  --------  ----------  --------------  -------------------
/opt/airflow/dags/offshore_scada_pipeline_dag.py                           1           0  0.08s           2026-08-23T12:56:36
================================================================================
[2026-08-23T12:57:24.667+0000] {manager.py:879} INFO - 
================================================================================
DAG File Processing Stats

File Path                                         PID    Runtime      # DAGs    # Errors  Last Runtime    Last Run
------------------------------------------------  -----  ---------  --------  ----------  --------------  -------------------
/opt/airflow/dags/offshore_scada_pipeline_dag.py                           1           0  0.11s           2026-08-23T12:57:06
================================================================================
[2026-08-23T12:57:55.140+0000] {manager.py:879} INFO - 
================================================================================
DAG File Processing Stats

File Path                                         PID    Runtime      # DAGs    # Errors  Last Runtime    Last Run
------------------------------------------------  -----  ---------  --------  ----------  --------------  -------------------
/opt/airflow/dags/offshore_scada_pipeline_dag.py                           1           0  0.10s           2026-08-23T12:57:36
================================================================================
[2026-08-23T12:58:48.569+0000] {manager.py:879} INFO - 
================================================================================
DAG File Processing Stats

File Path                                         PID    Runtime      # DAGs    # Errors  Last Runtime    Last Run
------------------------------------------------  -----  ---------  --------  ----------  --------------  -------------------
/opt/airflow/dags/offshore_scada_pipeline_dag.py                           1           0  0.08s           2026-08-23T12:58:29
================================================================================
[2026-08-23T12:58:49.579+0000] {manager.py:738} INFO - Searching for files in /opt/airflow/dags
[2026-08-23T12:58:49.590+0000] {manager.py:741} INFO - There are 1 files in /opt/airflow/dags
[2026-08-23T12:59:18.929+0000] {manager.py:879} INFO - 
================================================================================
DAG File Processing Stats

File Path                                         PID    Runtime      # DAGs    # Errors  Last Runtime    Last Run
------------------------------------------------  -----  ---------  --------  ----------  --------------  -------------------
/opt/airflow/dags/offshore_scada_pipeline_dag.py                           1           0  0.10s           2026-08-23T12:58:59
================================================================================
[2026-08-23T12:59:57.938+0000] {manager.py:879} INFO - 
================================================================================
DAG File Processing Stats

File Path                                         PID    Runtime      # DAGs    # Errors  Last Runtime    Last Run
------------------------------------------------  -----  ---------  --------  ----------  --------------  -------------------
/opt/airflow/dags/offshore_scada_pipeline_dag.py                           1           0  0.11s           2026-08-23T12:59:37
================================================================================
[2026-08-23T13:00:29.857+0000] {manager.py:879} INFO - 
================================================================================
DAG File Processing Stats

File Path                                         PID    Runtime      # DAGs    # Errors  Last Runtime    Last Run
------------------------------------------------  -----  ---------  --------  ----------  --------------  -------------------
/opt/airflow/dags/offshore_scada_pipeline_dag.py                           1           0  0.08s           2026-08-23T13:00:09
================================================================================
[2026-08-23T13:01:00.326+0000] {manager.py:879} INFO - 
================================================================================
DAG File Processing Stats

File Path                                         PID    Runtime      # DAGs    # Errors  Last Runtime    Last Run
------------------------------------------------  -----  ---------  --------  ----------  --------------  -------------------
/opt/airflow/dags/offshore_scada_pipeline_dag.py                           1           0  0.11s           2026-08-23T13:00:40
================================================================================
[2026-08-23T13:04:54.585+0000] {manager.py:738} INFO - Searching for files in /opt/airflow/dags
[2026-08-23T13:04:54.591+0000] {manager.py:741} INFO - There are 1 files in /opt/airflow/dags
[2026-08-23T13:05:15.918+0000] {manager.py:879} INFO - 
================================================================================
DAG File Processing Stats

File Path                                         PID    Runtime      # DAGs    # Errors  Last Runtime    Last Run
------------------------------------------------  -----  ---------  --------  ----------  --------------  -------------------
/opt/airflow/dags/offshore_scada_pipeline_dag.py                           1           0  0.11s           2026-08-23T13:04:54
================================================================================
[2026-08-23T13:05:48.150+0000] {manager.py:879} INFO - 
================================================================================
DAG File Processing Stats

File Path                                         PID    Runtime      # DAGs    # Errors  Last Runtime    Last Run
------------------------------------------------  -----  ---------  --------  ----------  --------------  -------------------
/opt/airflow/dags/offshore_scada_pipeline_dag.py                           1           0  6.96s           2026-08-23T13:05:34
================================================================================
[2026-08-23T13:06:19.096+0000] {manager.py:879} INFO - 
================================================================================
DAG File Processing Stats

File Path                                         PID    Runtime      # DAGs    # Errors  Last Runtime    Last Run
------------------------------------------------  -----  ---------  --------  ----------  --------------  -------------------
/opt/airflow/dags/offshore_scada_pipeline_dag.py                           1           0  0.18s           2026-08-23T13:06:05
================================================================================
[2026-08-23T13:06:49.611+0000] {manager.py:879} INFO - 
================================================================================
DAG File Processing Stats

File Path                                         PID    Runtime      # DAGs    # Errors  Last Runtime    Last Run
------------------------------------------------  -----  ---------  --------  ----------  --------------  -------------------
/opt/airflow/dags/offshore_scada_pipeline_dag.py                           1           0  0.14s           2026-08-23T13:06:35
================================================================================
[2026-08-23T13:07:20.099+0000] {manager.py:879} INFO - 
================================================================================
DAG File Processing Stats

File Path                                         PID    Runtime      # DAGs    # Errors  Last Runtime    Last Run
------------------------------------------------  -----  ---------  --------  ----------  --------------  -------------------
/opt/airflow/dags/offshore_scada_pipeline_dag.py                           1           0  0.17s           2026-08-23T13:07:06
================================================================================
[2026-08-23T13:07:50.511+0000] {manager.py:879} INFO - 
================================================================================
DAG File Processing Stats

File Path                                         PID    Runtime      # DAGs    # Errors  Last Runtime    Last Run
------------------------------------------------  -----  ---------  --------  ----------  --------------  -------------------
/opt/airflow/dags/offshore_scada_pipeline_dag.py                           1           0  0.16s           2026-08-23T13:07:36
================================================================================
[2026-08-23T13:08:20.887+0000] {manager.py:879} INFO - 
================================================================================
DAG File Processing Stats

File Path                                         PID    Runtime      # DAGs    # Errors  Last Runtime    Last Run
------------------------------------------------  -----  ---------  --------  ----------  --------------  -------------------
/opt/airflow/dags/offshore_scada_pipeline_dag.py                           1           0  0.10s           2026-08-23T13:08:06
================================================================================
[2026-08-23T13:08:51.355+0000] {manager.py:879} INFO - 
================================================================================
DAG File Processing Stats

File Path                                         PID    Runtime      # DAGs    # Errors  Last Runtime    Last Run
------------------------------------------------  -----  ---------  --------  ----------  --------------  -------------------
/opt/airflow/dags/offshore_scada_pipeline_dag.py                           1           0  0.13s           2026-08-23T13:08:37
================================================================================
[2026-08-23T13:09:21.785+0000] {manager.py:879} INFO - 
================================================================================
DAG File Processing Stats

File Path                                         PID    Runtime      # DAGs    # Errors  Last Runtime    Last Run
------------------------------------------------  -----  ---------  --------  ----------  --------------  -------------------
/opt/airflow/dags/offshore_scada_pipeline_dag.py                           1           0  0.10s           2026-08-23T13:09:07
================================================================================
[2026-08-23T13:09:52.189+0000] {manager.py:879} INFO - 
================================================================================
DAG File Processing Stats

File Path                                         PID    Runtime      # DAGs    # Errors  Last Runtime    Last Run
------------------------------------------------  -----  ---------  --------  ----------  --------------  -------------------
/opt/airflow/dags/offshore_scada_pipeline_dag.py                           1           0  0.10s           2026-08-23T13:09:38
================================================================================
[2026-08-23T13:09:55.221+0000] {manager.py:738} INFO - Searching for files in /opt/airflow/dags
[2026-08-23T13:09:55.231+0000] {manager.py:741} INFO - There are 1 files in /opt/airflow/dags
[2026-08-23T13:10:22.625+0000] {manager.py:879} INFO - 
================================================================================
DAG File Processing Stats

File Path                                         PID    Runtime      # DAGs    # Errors  Last Runtime    Last Run
------------------------------------------------  -----  ---------  --------  ----------  --------------  -------------------
/opt/airflow/dags/offshore_scada_pipeline_dag.py                           1           0  0.44s           2026-08-23T13:10:08
================================================================================
[2026-08-23T13:10:53.539+0000] {manager.py:879} INFO - 
================================================================================
DAG File Processing Stats

File Path                                         PID    Runtime      # DAGs    # Errors  Last Runtime    Last Run
------------------------------------------------  -----  ---------  --------  ----------  --------------  -------------------
/opt/airflow/dags/offshore_scada_pipeline_dag.py                           1           0  0.19s           2026-08-23T13:10:39
================================================================================
[2026-08-23T13:11:23.933+0000] {manager.py:879} INFO - 
================================================================================
DAG File Processing Stats

File Path                                         PID    Runtime      # DAGs    # Errors  Last Runtime    Last Run
------------------------------------------------  -----  ---------  --------  ----------  --------------  -------------------
/opt/airflow/dags/offshore_scada_pipeline_dag.py                           1           0  0.14s           2026-08-23T13:11:09
================================================================================
[2026-08-23T13:11:54.356+0000] {manager.py:879} INFO - 
================================================================================
DAG File Processing Stats

File Path                                         PID    Runtime      # DAGs    # Errors  Last Runtime    Last Run
------------------------------------------------  -----  ---------  --------  ----------  --------------  -------------------
/opt/airflow/dags/offshore_scada_pipeline_dag.py                           1           0  0.13s           2026-08-23T13:11:40
================================================================================
[2026-08-23T13:12:24.809+0000] {manager.py:879} INFO - 
================================================================================
DAG File Processing Stats

File Path                                         PID    Runtime      # DAGs    # Errors  Last Runtime    Last Run
------------------------------------------------  -----  ---------  --------  ----------  --------------  -------------------
/opt/airflow/dags/offshore_scada_pipeline_dag.py                           1           0  0.14s           2026-08-23T13:12:10
================================================================================
[2026-08-23T13:12:55.136+0000] {manager.py:879} INFO - 
================================================================================
DAG File Processing Stats

File Path                                         PID    Runtime      # DAGs    # Errors  Last Runtime    Last Run
------------------------------------------------  -----  ---------  --------  ----------  --------------  -------------------
/opt/airflow/dags/offshore_scada_pipeline_dag.py                           1           0  0.11s           2026-08-23T13:12:41
================================================================================
[2026-08-23T13:13:25.491+0000] {manager.py:879} INFO - 
================================================================================
DAG File Processing Stats

File Path                                         PID    Runtime      # DAGs    # Errors  Last Runtime    Last Run
------------------------------------------------  -----  ---------  --------  ----------  --------------  -------------------
/opt/airflow/dags/offshore_scada_pipeline_dag.py                           1           0  0.11s           2026-08-23T13:13:11
================================================================================
[2026-08-23T13:13:55.856+0000] {manager.py:879} INFO - 
================================================================================
DAG File Processing Stats

File Path                                         PID    Runtime      # DAGs    # Errors  Last Runtime    Last Run
------------------------------------------------  -----  ---------  --------  ----------  --------------  -------------------
/opt/airflow/dags/offshore_scada_pipeline_dag.py                           1           0  0.14s           2026-08-23T13:13:41
================================================================================
[2026-08-23T13:14:26.271+0000] {manager.py:879} INFO - 
================================================================================
DAG File Processing Stats

File Path                                         PID    Runtime      # DAGs    # Errors  Last Runtime    Last Run
------------------------------------------------  -----  ---------  --------  ----------  --------------  -------------------
/opt/airflow/dags/offshore_scada_pipeline_dag.py                           1           0  0.32s           2026-08-23T13:14:12
================================================================================
[2026-08-23T13:14:55.652+0000] {manager.py:738} INFO - Searching for files in /opt/airflow/dags
[2026-08-23T13:14:55.674+0000] {manager.py:741} INFO - There are 1 files in /opt/airflow/dags
[2026-08-23T13:14:56.708+0000] {manager.py:879} INFO - 
================================================================================
DAG File Processing Stats

File Path                                         PID    Runtime      # DAGs    # Errors  Last Runtime    Last Run
------------------------------------------------  -----  ---------  --------  ----------  --------------  -------------------
/opt/airflow/dags/offshore_scada_pipeline_dag.py                           1           0  0.13s           2026-08-23T13:14:42
================================================================================
[2026-08-23T13:15:27.163+0000] {manager.py:879} INFO - 
================================================================================
DAG File Processing Stats

File Path                                         PID    Runtime      # DAGs    # Errors  Last Runtime    Last Run
------------------------------------------------  -----  ---------  --------  ----------  --------------  -------------------
/opt/airflow/dags/offshore_scada_pipeline_dag.py                           1           0  0.12s           2026-08-23T13:15:13
================================================================================
[2026-08-23T13:15:57.584+0000] {manager.py:879} INFO - 
================================================================================
DAG File Processing Stats

File Path                                         PID    Runtime      # DAGs    # Errors  Last Runtime    Last Run
------------------------------------------------  -----  ---------  --------  ----------  --------------  -------------------
/opt/airflow/dags/offshore_scada_pipeline_dag.py                           1           0  0.14s           2026-08-23T13:15:43
================================================================================
[2026-08-23T13:16:28.060+0000] {manager.py:879} INFO - 
================================================================================
DAG File Processing Stats

File Path                                         PID    Runtime      # DAGs    # Errors  Last Runtime    Last Run
------------------------------------------------  -----  ---------  --------  ----------  --------------  -------------------
/opt/airflow/dags/offshore_scada_pipeline_dag.py                           1           0  0.13s           2026-08-23T13:16:13
================================================================================
[2026-08-23T13:16:58.493+0000] {manager.py:879} INFO - 
================================================================================
DAG File Processing Stats

File Path                                         PID    Runtime      # DAGs    # Errors  Last Runtime    Last Run
------------------------------------------------  -----  ---------  --------  ----------  --------------  -------------------
/opt/airflow/dags/offshore_scada_pipeline_dag.py                           1           0  0.12s           2026-08-23T13:16:44
================================================================================
[2026-08-23T13:17:28.900+0000] {manager.py:879} INFO - 
================================================================================
DAG File Processing Stats

File Path                                         PID    Runtime      # DAGs    # Errors  Last Runtime    Last Run
------------------------------------------------  -----  ---------  --------  ----------  --------------  -------------------
/opt/airflow/dags/offshore_scada_pipeline_dag.py                           1           0  0.11s           2026-08-23T13:17:14
================================================================================
[2026-08-23T13:17:59.340+0000] {manager.py:879} INFO - 
================================================================================
DAG File Processing Stats

File Path                                         PID    Runtime      # DAGs    # Errors  Last Runtime    Last Run
------------------------------------------------  -----  ---------  --------  ----------  --------------  -------------------
/opt/airflow/dags/offshore_scada_pipeline_dag.py                           1           0  0.15s           2026-08-23T13:17:45
================================================================================
[2026-08-23T13:18:29.744+0000] {manager.py:879} INFO - 
================================================================================
DAG File Processing Stats

File Path                                         PID    Runtime      # DAGs    # Errors  Last Runtime    Last Run
------------------------------------------------  -----  ---------  --------  ----------  --------------  -------------------
/opt/airflow/dags/offshore_scada_pipeline_dag.py                           1           0  0.12s           2026-08-23T13:18:15
================================================================================
[2026-08-23T13:19:00.159+0000] {manager.py:879} INFO - 
================================================================================
DAG File Processing Stats

File Path                                         PID    Runtime      # DAGs    # Errors  Last Runtime    Last Run
------------------------------------------------  -----  ---------  --------  ----------  --------------  -------------------
/opt/airflow/dags/offshore_scada_pipeline_dag.py                           1           0  0.13s           2026-08-23T13:18:46
================================================================================
[2026-08-23T13:19:30.615+0000] {manager.py:879} INFO - 
================================================================================
DAG File Processing Stats

File Path                                         PID    Runtime      # DAGs    # Errors  Last Runtime    Last Run
------------------------------------------------  -----  ---------  --------  ----------  --------------  -------------------
/opt/airflow/dags/offshore_scada_pipeline_dag.py                           1           0  0.11s           2026-08-23T13:19:16
================================================================================
[2026-08-23T13:19:55.955+0000] {manager.py:738} INFO - Searching for files in /opt/airflow/dags
[2026-08-23T13:19:55.961+0000] {manager.py:741} INFO - There are 1 files in /opt/airflow/dags
[2026-08-23T13:20:01.038+0000] {manager.py:879} INFO - 
================================================================================
DAG File Processing Stats

File Path                                         PID    Runtime      # DAGs    # Errors  Last Runtime    Last Run
------------------------------------------------  -----  ---------  --------  ----------  --------------  -------------------
/opt/airflow/dags/offshore_scada_pipeline_dag.py                           1           0  0.10s           2026-08-23T13:19:46
================================================================================
[2026-08-23T13:20:31.497+0000] {manager.py:879} INFO - 
================================================================================
DAG File Processing Stats

File Path                                         PID    Runtime      # DAGs    # Errors  Last Runtime    Last Run
------------------------------------------------  -----  ---------  --------  ----------  --------------  -------------------
/opt/airflow/dags/offshore_scada_pipeline_dag.py                           1           0  0.13s           2026-08-23T13:20:17
================================================================================
[2026-08-23T13:21:01.918+0000] {manager.py:879} INFO - 
================================================================================
DAG File Processing Stats

File Path                                         PID    Runtime      # DAGs    # Errors  Last Runtime    Last Run
------------------------------------------------  -----  ---------  --------  ----------  --------------  -------------------
/opt/airflow/dags/offshore_scada_pipeline_dag.py                           1           0  0.12s           2026-08-23T13:20:47
================================================================================
[2026-08-23T13:21:32.379+0000] {manager.py:879} INFO - 
================================================================================
DAG File Processing Stats

File Path                                         PID    Runtime      # DAGs    # Errors  Last Runtime    Last Run
------------------------------------------------  -----  ---------  --------  ----------  --------------  -------------------
/opt/airflow/dags/offshore_scada_pipeline_dag.py                           1           0  0.14s           2026-08-23T13:21:18
================================================================================
[2026-08-23T13:22:02.827+0000] {manager.py:879} INFO - 
================================================================================
DAG File Processing Stats

File Path                                         PID    Runtime      # DAGs    # Errors  Last Runtime    Last Run
------------------------------------------------  -----  ---------  --------  ----------  --------------  -------------------
/opt/airflow/dags/offshore_scada_pipeline_dag.py                           1           0  0.13s           2026-08-23T13:21:48
================================================================================
[2026-08-23T13:22:33.316+0000] {manager.py:879} INFO - 
================================================================================
DAG File Processing Stats

File Path                                         PID    Runtime      # DAGs    # Errors  Last Runtime    Last Run
------------------------------------------------  -----  ---------  --------  ----------  --------------  -------------------
/opt/airflow/dags/offshore_scada_pipeline_dag.py                           1           0  0.15s           2026-08-23T13:22:19
================================================================================
[2026-08-23T13:23:03.813+0000] {manager.py:879} INFO - 
================================================================================
DAG File Processing Stats

File Path                                         PID    Runtime      # DAGs    # Errors  Last Runtime    Last Run
------------------------------------------------  -----  ---------  --------  ----------  --------------  -------------------
/opt/airflow/dags/offshore_scada_pipeline_dag.py                           1           0  0.15s           2026-08-23T13:22:49
================================================================================
[2026-08-23T13:23:34.231+0000] {manager.py:879} INFO - 
================================================================================
DAG File Processing Stats

File Path                                         PID    Runtime      # DAGs    # Errors  Last Runtime    Last Run
------------------------------------------------  -----  ---------  --------  ----------  --------------  -------------------
/opt/airflow/dags/offshore_scada_pipeline_dag.py                           1           0  0.16s           2026-08-23T13:23:20
================================================================================
[2026-08-23T13:24:04.685+0000] {manager.py:879} INFO - 
================================================================================
DAG File Processing Stats

File Path                                         PID    Runtime      # DAGs    # Errors  Last Runtime    Last Run
------------------------------------------------  -----  ---------  --------  ----------  --------------  -------------------
/opt/airflow/dags/offshore_scada_pipeline_dag.py                           1           0  0.13s           2026-08-23T13:23:50
================================================================================
[2026-08-23T13:24:35.133+0000] {manager.py:879} INFO - 
================================================================================
DAG File Processing Stats

File Path                                         PID    Runtime      # DAGs    # Errors  Last Runtime    Last Run
------------------------------------------------  -----  ---------  --------  ----------  --------------  -------------------
/opt/airflow/dags/offshore_scada_pipeline_dag.py                           1           0  0.13s           2026-08-23T13:24:21
================================================================================
[2026-08-23T13:24:56.448+0000] {manager.py:738} INFO - Searching for files in /opt/airflow/dags
[2026-08-23T13:24:56.462+0000] {manager.py:741} INFO - There are 1 files in /opt/airflow/dags
[2026-08-23T13:25:05.623+0000] {manager.py:879} INFO - 
================================================================================
DAG File Processing Stats

File Path                                         PID    Runtime      # DAGs    # Errors  Last Runtime    Last Run
------------------------------------------------  -----  ---------  --------  ----------  --------------  -------------------
/opt/airflow/dags/offshore_scada_pipeline_dag.py                           1           0  0.14s           2026-08-23T13:24:51
================================================================================
[2026-08-23T13:25:36.063+0000] {manager.py:879} INFO - 
================================================================================
DAG File Processing Stats

File Path                                         PID    Runtime      # DAGs    # Errors  Last Runtime    Last Run
------------------------------------------------  -----  ---------  --------  ----------  --------------  -------------------
/opt/airflow/dags/offshore_scada_pipeline_dag.py                           1           0  0.12s           2026-08-23T13:25:21
================================================================================
[2026-08-23T13:26:06.516+0000] {manager.py:879} INFO - 
================================================================================
DAG File Processing Stats

File Path                                         PID    Runtime      # DAGs    # Errors  Last Runtime    Last Run
------------------------------------------------  -----  ---------  --------  ----------  --------------  -------------------
/opt/airflow/dags/offshore_scada_pipeline_dag.py                           1           0  0.14s           2026-08-23T13:25:52
================================================================================
[2026-08-23T13:26:36.893+0000] {manager.py:879} INFO - 
================================================================================
DAG File Processing Stats

File Path                                         PID    Runtime      # DAGs    # Errors  Last Runtime    Last Run
------------------------------------------------  -----  ---------  --------  ----------  --------------  -------------------
/opt/airflow/dags/offshore_scada_pipeline_dag.py                           1           0  0.12s           2026-08-23T13:26:22
================================================================================
[2026-08-23T13:27:07.255+0000] {manager.py:879} INFO - 
================================================================================
DAG File Processing Stats

File Path                                         PID    Runtime      # DAGs    # Errors  Last Runtime    Last Run
------------------------------------------------  -----  ---------  --------  ----------  --------------  -------------------
/opt/airflow/dags/offshore_scada_pipeline_dag.py                           1           0  0.10s           2026-08-23T13:26:53
================================================================================
[2026-08-23T13:27:37.612+0000] {manager.py:879} INFO - 
================================================================================
DAG File Processing Stats

File Path                                         PID    Runtime      # DAGs    # Errors  Last Runtime    Last Run
------------------------------------------------  -----  ---------  --------  ----------  --------------  -------------------
/opt/airflow/dags/offshore_scada_pipeline_dag.py                           1           0  0.15s           2026-08-23T13:27:23
================================================================================
